###############################################################################
#
# IAR ELF Linker V8.32.1.169/W32 for ARM                  18/Jan/2019  18:15:56
# Copyright 2007-2018 IAR Systems AB.
#
#    Output file  =  
#        \\Mac\Home\Desktop\STM32F103\code_prj\SPI_OS\EWARM\SPI_OS\Exe\SPI_OS.out
#    Map file     =  
#        \\Mac\Home\Desktop\STM32F103\code_prj\SPI_OS\EWARM\SPI_OS\List\SPI_OS.map
#    Command line =  
#        -f C:\Users\Silence\AppData\Local\Temp\EWB22A.tmp
#        (\\Mac\Home\Desktop\STM32F103\code_prj\SPI_OS\EWARM\SPI_OS\Obj\cmsis_os.o
#        \\Mac\Home\Desktop\STM32F103\code_prj\SPI_OS\EWARM\SPI_OS\Obj\croutine.o
#        \\Mac\Home\Desktop\STM32F103\code_prj\SPI_OS\EWARM\SPI_OS\Obj\event_groups.o
#        \\Mac\Home\Desktop\STM32F103\code_prj\SPI_OS\EWARM\SPI_OS\Obj\freertos.o
#        \\Mac\Home\Desktop\STM32F103\code_prj\SPI_OS\EWARM\SPI_OS\Obj\gdisp_lld_ILI9341.o
#        \\Mac\Home\Desktop\STM32F103\code_prj\SPI_OS\EWARM\SPI_OS\Obj\gfx_mk.o
#        \\Mac\Home\Desktop\STM32F103\code_prj\SPI_OS\EWARM\SPI_OS\Obj\heap_4.o
#        \\Mac\Home\Desktop\STM32F103\code_prj\SPI_OS\EWARM\SPI_OS\Obj\list.o
#        \\Mac\Home\Desktop\STM32F103\code_prj\SPI_OS\EWARM\SPI_OS\Obj\main.o
#        \\Mac\Home\Desktop\STM32F103\code_prj\SPI_OS\EWARM\SPI_OS\Obj\port.o
#        \\Mac\Home\Desktop\STM32F103\code_prj\SPI_OS\EWARM\SPI_OS\Obj\portasm.o
#        \\Mac\Home\Desktop\STM32F103\code_prj\SPI_OS\EWARM\SPI_OS\Obj\queue.o
#        \\Mac\Home\Desktop\STM32F103\code_prj\SPI_OS\EWARM\SPI_OS\Obj\startup_stm32f103xe.o
#        \\Mac\Home\Desktop\STM32F103\code_prj\SPI_OS\EWARM\SPI_OS\Obj\stm32f1xx_hal.o
#        \\Mac\Home\Desktop\STM32F103\code_prj\SPI_OS\EWARM\SPI_OS\Obj\stm32f1xx_hal_cortex.o
#        \\Mac\Home\Desktop\STM32F103\code_prj\SPI_OS\EWARM\SPI_OS\Obj\stm32f1xx_hal_dma.o
#        \\Mac\Home\Desktop\STM32F103\code_prj\SPI_OS\EWARM\SPI_OS\Obj\stm32f1xx_hal_flash.o
#        \\Mac\Home\Desktop\STM32F103\code_prj\SPI_OS\EWARM\SPI_OS\Obj\stm32f1xx_hal_flash_ex.o
#        \\Mac\Home\Desktop\STM32F103\code_prj\SPI_OS\EWARM\SPI_OS\Obj\stm32f1xx_hal_gpio.o
#        \\Mac\Home\Desktop\STM32F103\code_prj\SPI_OS\EWARM\SPI_OS\Obj\stm32f1xx_hal_gpio_ex.o
#        \\Mac\Home\Desktop\STM32F103\code_prj\SPI_OS\EWARM\SPI_OS\Obj\stm32f1xx_hal_msp.o
#        \\Mac\Home\Desktop\STM32F103\code_prj\SPI_OS\EWARM\SPI_OS\Obj\stm32f1xx_hal_pwr.o
#        \\Mac\Home\Desktop\STM32F103\code_prj\SPI_OS\EWARM\SPI_OS\Obj\stm32f1xx_hal_rcc.o
#        \\Mac\Home\Desktop\STM32F103\code_prj\SPI_OS\EWARM\SPI_OS\Obj\stm32f1xx_hal_rcc_ex.o
#        \\Mac\Home\Desktop\STM32F103\code_prj\SPI_OS\EWARM\SPI_OS\Obj\stm32f1xx_hal_spi.o
#        \\Mac\Home\Desktop\STM32F103\code_prj\SPI_OS\EWARM\SPI_OS\Obj\stm32f1xx_hal_spi_ex.o
#        \\Mac\Home\Desktop\STM32F103\code_prj\SPI_OS\EWARM\SPI_OS\Obj\stm32f1xx_hal_tim.o
#        \\Mac\Home\Desktop\STM32F103\code_prj\SPI_OS\EWARM\SPI_OS\Obj\stm32f1xx_hal_tim_ex.o
#        \\Mac\Home\Desktop\STM32F103\code_prj\SPI_OS\EWARM\SPI_OS\Obj\stm32f1xx_hal_timebase_tim.o
#        \\Mac\Home\Desktop\STM32F103\code_prj\SPI_OS\EWARM\SPI_OS\Obj\stm32f1xx_it.o
#        \\Mac\Home\Desktop\STM32F103\code_prj\SPI_OS\EWARM\SPI_OS\Obj\system_stm32f1xx.o
#        \\Mac\Home\Desktop\STM32F103\code_prj\SPI_OS\EWARM\SPI_OS\Obj\tasks.o
#        \\Mac\Home\Desktop\STM32F103\code_prj\SPI_OS\EWARM\SPI_OS\Obj\timers.o
#        --redirect _Printf=_PrintfFull --redirect _Scanf=_ScanfFull
#        --no_out_extension -o
#        \\Mac\Home\Desktop\STM32F103\code_prj\SPI_OS\EWARM\SPI_OS\Exe\SPI_OS.out
#        --map
#        \\Mac\Home\Desktop\STM32F103\code_prj\SPI_OS\EWARM\SPI_OS\List\SPI_OS.map
#        --config
#        \\Mac\Home\Desktop\STM32F103\code_prj\SPI_OS\EWARM/stm32f103xe_flash.icf
#        --semihosting --entry __iar_program_start --vfe --text_out locale)
#
###############################################################################

*******************************************************************************
*** RUNTIME MODEL ATTRIBUTES
***

CppFlavor       = *
__SystemLibrary = DLib
__dlib_version  = 6


*******************************************************************************
*** HEAP SELECTION
***

The basic heap was selected because no calls to memory allocation
functions were found in the application outside of system library
functions, and there are calls to deallocation functions in the
application.


*******************************************************************************
*** PLACEMENT SUMMARY
***

"A0":  place at 0x800'0000 { ro section .intvec };
"P1":  place in [from 0x800'0000 to 0x807'ffff] { ro };
define block CSTACK with size = 1K, alignment = 8 { };
define block HEAP with size = 512, alignment = 8 { };
"P2":  place in [from 0x2000'0000 to 0x2000'ffff] {
          rw, block CSTACK, block HEAP };
initialize by copy { rw };

  Section            Kind         Address    Size  Object
  -------            ----         -------    ----  ------
"A0":                                       0x130
  .intvec            ro code   0x800'0000   0x130  startup_stm32f103xe.o [1]
                             - 0x800'0130   0x130

"P1":                                      0x5844
  .text              ro code   0x800'0130  0x21da  gfx_mk.o [1]
  .text              ro code   0x800'230a    0x3a  zero_init3.o [4]
  .text              ro code   0x800'2344   0x704  tasks.o [1]
  .text              ro code   0x800'2a48   0x274  heap_4.o [1]
  .text              ro code   0x800'2cbc    0x66  ABImemset.o [4]
  .rodata            const     0x800'2d22     0x2  stm32f1xx_hal_rcc.o [1]
  .text              ro code   0x800'2d24   0x6aa  gdisp_lld_ILI9341.o [1]
  .text              ro code   0x800'33d0    0x22  S32ToDbl.o [3]
  .text              ro code   0x800'33f4   0x1a2  DblMul.o [3]
  .text              ro code   0x800'3598   0x246  DblDiv.o [3]
  .text              ro code   0x800'37e0   0x420  cos_sin64.o [3]
  .text              ro code   0x800'3c00    0x3a  DblToS32.o [3]
  .text              ro code   0x800'3c3c    0xe2  DblSub.o [3]
  .text              ro code   0x800'3d20    0x58  floor.o [3]
  .text              ro code   0x800'3d78    0x9a  list.o [1]
  .text              ro code   0x800'3e14   0x188  port.o [1]
  .text              ro code   0x800'3f9c    0x8a  stm32f1xx_hal_spi_ex.o [1]
  .text              ro code   0x800'4028   0x1c6  main.o [1]
  .text              ro code   0x800'41f0   0x2a0  stm32f1xx_hal_gpio.o [1]
  .text              ro code   0x800'4490   0x27c  stm32f1xx_hal_spi.o [1]
  .text              ro code   0x800'470c    0x2e  DblCmpLe.o [3]
  .text              ro code   0x800'473c   0x17a  DblAdd.o [3]
  CODE               ro code   0x800'48b8    0x88  portasm.o [1]
  .text              ro code   0x800'4940    0xb4  stm32f1xx_hal_msp.o [1]
  .text              ro code   0x800'49f4    0x24  stm32f1xx_hal.o [1]
  .text              ro code   0x800'4a18    0x86  ABImemcpy.o [4]
  .text              ro code   0x800'4aa0    0x44  cmsis_os.o [1]
  .text              ro code   0x800'4ae4     0x6  ABImemclr4.o [4]
  .text              ro code   0x800'4aec   0x67c  stm32f1xx_hal_rcc.o [1]
  .text              ro code   0x800'5168    0x18  stm32f1xx_hal.o [1]
  .text              ro code   0x800'5180     0xc  stm32f1xx_hal.o [1]
  .text              ro code   0x800'518c   0x104  stm32f1xx_hal_cortex.o [1]
  .text              ro code   0x800'5290    0x94  stm32f1xx_hal_timebase_tim.o [1]
  .text              ro code   0x800'5324    0x32  ABImemset48.o [4]
  .text              ro code   0x800'5358   0x272  stm32f1xx_hal_tim.o [1]
  .text              ro code   0x800'55ca     0x2  stm32f1xx_hal_tim.o [1]
  .text              ro code   0x800'55cc     0x2  stm32f1xx_hal_tim.o [1]
  .text              ro code   0x800'55ce     0x2  stm32f1xx_hal_tim.o [1]
  .text              ro code   0x800'55d0     0x2  stm32f1xx_hal_tim_ex.o [1]
  .text              ro code   0x800'55d2     0x2  stm32f1xx_hal_tim.o [1]
  .text              ro code   0x800'55d4     0x2  stm32f1xx_hal_tim_ex.o [1]
  .rodata            const     0x800'55d8    0x80  gfx_mk.o [1]
  .rodata            const     0x800'5658    0x60  gdisp_lld_ILI9341.o [1]
  .text              ro code   0x800'56b8    0x58  system_stm32f1xx.o [1]
  .text              ro code   0x800'5710    0x2c  copy_init3.o [4]
  .text              ro code   0x800'573c    0x28  data_init.o [4]
  .iar.init_table    const     0x800'5764    0x24  - Linker created -
  .text              ro code   0x800'5788    0x1e  cmain.o [4]
  .text              ro code   0x800'57a6     0x4  low_level_init.o [2]
  .text              ro code   0x800'57aa     0x4  exit.o [2]
  .text              ro code   0x800'57b0     0xa  cexit.o [4]
  .text              ro code   0x800'57bc    0x14  exit.o [5]
  .text              ro code   0x800'57d0    0x1c  stm32f1xx_it.o [1]
  .rodata            const     0x800'57ec    0x14  main.o [1]
  .rodata            const     0x800'5800    0x14  main.o [1]
  .rodata            const     0x800'5814    0x10  stm32f1xx_hal_rcc.o [1]
  .rodata            const     0x800'5824    0x10  system_stm32f1xx.o [1]
  .text              ro code   0x800'5834    0x10  startup_stm32f103xe.o [1]
  .rodata            const     0x800'5844     0xc  main.o [1]
  .rodata            const     0x800'5850     0xc  main.o [1]
  .text              ro code   0x800'585c     0xc  cstartup_M.o [4]
  Initializer bytes  const     0x800'5868     0xc  <for P2-1>
  .rodata            const     0x800'5874     0x8  system_stm32f1xx.o [1]
  .rodata            const     0x800'587c     0x8  tasks.o [1]
  .rodata            const     0x800'5884     0x4  heap_4.o [1]
  .text              ro code   0x800'5888     0x4  startup_stm32f103xe.o [1]
  .text              ro code   0x800'588c     0x4  startup_stm32f103xe.o [1]
  .text              ro code   0x800'5890     0x4  startup_stm32f103xe.o [1]
  .text              ro code   0x800'5894     0x4  startup_stm32f103xe.o [1]
  .text              ro code   0x800'5898     0x4  startup_stm32f103xe.o [1]
  .text              ro code   0x800'589c     0x4  startup_stm32f103xe.o [1]
  .text              ro code   0x800'58a0     0x4  startup_stm32f103xe.o [1]
  .text              ro code   0x800'58a4     0x4  startup_stm32f103xe.o [1]
  .text              ro code   0x800'58a8     0x4  startup_stm32f103xe.o [1]
  .text              ro code   0x800'58ac     0x4  startup_stm32f103xe.o [1]
  .text              ro code   0x800'58b0     0x4  startup_stm32f103xe.o [1]
  .text              ro code   0x800'58b4     0x4  startup_stm32f103xe.o [1]
  .text              ro code   0x800'58b8     0x4  startup_stm32f103xe.o [1]
  .text              ro code   0x800'58bc     0x4  startup_stm32f103xe.o [1]
  .text              ro code   0x800'58c0     0x4  startup_stm32f103xe.o [1]
  .text              ro code   0x800'58c4     0x4  startup_stm32f103xe.o [1]
  .text              ro code   0x800'58c8     0x4  startup_stm32f103xe.o [1]
  .text              ro code   0x800'58cc     0x4  startup_stm32f103xe.o [1]
  .text              ro code   0x800'58d0     0x4  startup_stm32f103xe.o [1]
  .text              ro code   0x800'58d4     0x4  startup_stm32f103xe.o [1]
  .text              ro code   0x800'58d8     0x4  startup_stm32f103xe.o [1]
  .text              ro code   0x800'58dc     0x4  startup_stm32f103xe.o [1]
  .text              ro code   0x800'58e0     0x4  startup_stm32f103xe.o [1]
  .text              ro code   0x800'58e4     0x4  startup_stm32f103xe.o [1]
  .text              ro code   0x800'58e8     0x4  startup_stm32f103xe.o [1]
  .text              ro code   0x800'58ec     0x4  startup_stm32f103xe.o [1]
  .text              ro code   0x800'58f0     0x4  startup_stm32f103xe.o [1]
  .text              ro code   0x800'58f4     0x4  startup_stm32f103xe.o [1]
  .text              ro code   0x800'58f8     0x4  startup_stm32f103xe.o [1]
  .text              ro code   0x800'58fc     0x4  startup_stm32f103xe.o [1]
  .text              ro code   0x800'5900     0x4  startup_stm32f103xe.o [1]
  .text              ro code   0x800'5904     0x4  startup_stm32f103xe.o [1]
  .text              ro code   0x800'5908     0x4  startup_stm32f103xe.o [1]
  .text              ro code   0x800'590c     0x4  startup_stm32f103xe.o [1]
  .text              ro code   0x800'5910     0x4  startup_stm32f103xe.o [1]
  .text              ro code   0x800'5914     0x4  startup_stm32f103xe.o [1]
  .text              ro code   0x800'5918     0x4  startup_stm32f103xe.o [1]
  .text              ro code   0x800'591c     0x4  startup_stm32f103xe.o [1]
  .text              ro code   0x800'5920     0x4  startup_stm32f103xe.o [1]
  .text              ro code   0x800'5924     0x4  startup_stm32f103xe.o [1]
  .text              ro code   0x800'5928     0x4  startup_stm32f103xe.o [1]
  .text              ro code   0x800'592c     0x4  startup_stm32f103xe.o [1]
  .text              ro code   0x800'5930     0x4  startup_stm32f103xe.o [1]
  .text              ro code   0x800'5934     0x4  startup_stm32f103xe.o [1]
  .text              ro code   0x800'5938     0x4  startup_stm32f103xe.o [1]
  .text              ro code   0x800'593c     0x4  startup_stm32f103xe.o [1]
  .text              ro code   0x800'5940     0x4  startup_stm32f103xe.o [1]
  .text              ro code   0x800'5944     0x4  startup_stm32f103xe.o [1]
  .text              ro code   0x800'5948     0x4  startup_stm32f103xe.o [1]
  .text              ro code   0x800'594c     0x4  startup_stm32f103xe.o [1]
  .text              ro code   0x800'5950     0x4  startup_stm32f103xe.o [1]
  .text              ro code   0x800'5954     0x4  startup_stm32f103xe.o [1]
  .text              ro code   0x800'5958     0x4  startup_stm32f103xe.o [1]
  .text              ro code   0x800'595c     0x4  startup_stm32f103xe.o [1]
  .text              ro code   0x800'5960     0x4  startup_stm32f103xe.o [1]
  .text              ro code   0x800'5964     0x4  startup_stm32f103xe.o [1]
  .text              ro code   0x800'5968     0x4  startup_stm32f103xe.o [1]
  .text              ro code   0x800'596c     0x4  startup_stm32f103xe.o [1]
  .text              ro code   0x800'5970     0x4  startup_stm32f103xe.o [1]
  .rodata            const     0x800'5974     0x0  zero_init3.o [4]
  .rodata            const     0x800'5974     0x0  copy_init3.o [4]
                             - 0x800'5974  0x5844

"P2", part 1 of 3:                            0xc
  P2-1                        0x2000'0000     0x9  <Init block>
    .data            inited   0x2000'0000     0x4  port.o [1]
    .data            inited   0x2000'0004     0x4  system_stm32f1xx.o [1]
    .data            inited   0x2000'0008     0x1  stm32f1xx_hal.o [1]
                            - 0x2000'0009     0x9

"P2", part 2 of 3:                          0xdfc
  .bss               zero     0x2000'000c   0xc00  heap_4.o [1]
  .bss               zero     0x2000'0c0c    0x8c  tasks.o [1]
  .bss               zero     0x2000'0c98    0x58  main.o [1]
  .bss               zero     0x2000'0cf0    0x40  stm32f1xx_hal_timebase_tim.o [1]
  .bss               zero     0x2000'0d30    0x14  tasks.o [1]
  .bss               zero     0x2000'0d44    0x14  tasks.o [1]
  .bss               zero     0x2000'0d58    0x14  tasks.o [1]
  .bss               zero     0x2000'0d6c    0x14  tasks.o [1]
  .bss               zero     0x2000'0d80    0x14  tasks.o [1]
  .bss               zero     0x2000'0d94     0x8  heap_4.o [1]
  .bss               zero     0x2000'0d9c     0x4  gfx_mk.o [1]
  .bss               zero     0x2000'0da0     0x4  gfx_mk.o [1]
  .bss               zero     0x2000'0da4     0x4  gfx_mk.o [1]
  .bss               zero     0x2000'0da8     0x4  heap_4.o [1]
  .bss               zero     0x2000'0dac     0x4  heap_4.o [1]
  .bss               zero     0x2000'0db0     0x4  heap_4.o [1]
  .bss               zero     0x2000'0db4     0x4  heap_4.o [1]
  .bss               zero     0x2000'0db8     0x4  main.o [1]
  .bss               zero     0x2000'0dbc     0x4  main.o [1]
  .bss               zero     0x2000'0dc0     0x4  port.o [1]
  .bss               zero     0x2000'0dc4     0x4  stm32f1xx_hal.o [1]
  .bss               zero     0x2000'0dc8     0x4  tasks.o [1]
  .bss               zero     0x2000'0dcc     0x4  tasks.o [1]
  .bss               zero     0x2000'0dd0     0x4  tasks.o [1]
  .bss               zero     0x2000'0dd4     0x4  tasks.o [1]
  .bss               zero     0x2000'0dd8     0x4  tasks.o [1]
  .bss               zero     0x2000'0ddc     0x4  tasks.o [1]
  .bss               zero     0x2000'0de0     0x4  tasks.o [1]
  .bss               zero     0x2000'0de4     0x4  tasks.o [1]
  .bss               zero     0x2000'0de8     0x4  tasks.o [1]
  .bss               zero     0x2000'0dec     0x4  tasks.o [1]
  .bss               zero     0x2000'0df0     0x4  tasks.o [1]
  .bss               zero     0x2000'0df4     0x4  tasks.o [1]
  .bss               zero     0x2000'0df8     0x4  tasks.o [1]
  .bss               zero     0x2000'0dfc     0x4  tasks.o [1]
  .bss               zero     0x2000'0e00     0x4  tasks.o [1]
  .bss               zero     0x2000'0e04     0x1  gfx_mk.o [1]
  .bss               zero     0x2000'0e05     0x1  gfx_mk.o [1]
  .bss               zero     0x2000'0e06     0x1  port.o [1]
                            - 0x2000'0e07   0xdfb

"P2", part 3 of 3:                          0x400
  CSTACK                      0x2000'0e08   0x400  <Block>
    CSTACK           uninit   0x2000'0e08   0x400  <Block tail>
                            - 0x2000'1208   0x400

Unused ranges:

         From           To      Size
         ----           --      ----
   0x800'5974   0x807'ffff  0x7'a68c
  0x2000'1208  0x2000'ffff    0xedf8


*******************************************************************************
*** INIT TABLE
***

          Address      Size
          -------      ----
Zero (__iar_zero_init3)
    1 destination range, total size 0xdfb:
          0x2000'000c  0xdfb

Copy (__iar_copy_init3)
    1 source range, total size 0xc (133% of destination):
           0x800'5868    0xc
    1 destination range, total size 0x9:
          0x2000'0000    0x9



*******************************************************************************
*** MODULE SUMMARY
***

    Module                        ro code  ro data  rw data
    ------                        -------  -------  -------
command line/config:
    -------------------------------------------------------
    Total:

\\Mac\Home\Desktop\STM32F103\code_prj\SPI_OS\EWARM\SPI_OS\Obj: [1]
    cmsis_os.o                         68
    gdisp_lld_ILI9341.o             1 706       96
    gfx_mk.o                        8 666      128       14
    heap_4.o                          628        4    3 096
    list.o                            154
    main.o                            454       64       96
    port.o                            392        4        9
    portasm.o                         136
    startup_stm32f103xe.o             556
    stm32f1xx_hal.o                    72        1        5
    stm32f1xx_hal_cortex.o            260
    stm32f1xx_hal_gpio.o              672
    stm32f1xx_hal_msp.o               180
    stm32f1xx_hal_rcc.o             1 660       18
    stm32f1xx_hal_spi.o               636
    stm32f1xx_hal_spi_ex.o            138
    stm32f1xx_hal_tim.o               634
    stm32f1xx_hal_tim_ex.o              4
    stm32f1xx_hal_timebase_tim.o      148                64
    stm32f1xx_it.o                     28
    system_stm32f1xx.o                 88       28        4
    tasks.o                         1 796        8      300
    -------------------------------------------------------
    Total:                         19 076      351    3 588

dl7M_tlf.a: [2]
    exit.o                              4
    low_level_init.o                    4
    -------------------------------------------------------
    Total:                              8

m7M_tl.a: [3]
    DblAdd.o                          378
    DblCmpLe.o                         46
    DblDiv.o                          582
    DblMul.o                          418
    DblSub.o                          226
    DblToS32.o                         58
    S32ToDbl.o                         34
    cos_sin64.o                     1 056
    floor.o                            88
    -------------------------------------------------------
    Total:                          2 886

rt7M_tl.a: [4]
    ABImemclr4.o                        6
    ABImemcpy.o                       134
    ABImemset.o                       102
    ABImemset48.o                      50
    cexit.o                            10
    cmain.o                            30
    copy_init3.o                       44
    cstartup_M.o                       12
    data_init.o                        40
    zero_init3.o                       58
    -------------------------------------------------------
    Total:                            486

shb_l.a: [5]
    exit.o                             20
    -------------------------------------------------------
    Total:                             20

    Gaps                               32        2
    Linker created                              39    1 024
-----------------------------------------------------------
    Grand Total:                   22 508      392    4 612


*******************************************************************************
*** ENTRY LIST
***

Entry                       Address    Size  Type      Object
-----                       -------    ----  ----      ------
.iar.init_table$$Base    0x800'5764           --   Gb  - Linker created -
.iar.init_table$$Limit   0x800'5788           --   Gb  - Linker created -
?main                    0x800'5789          Code  Gb  cmain.o [4]
AHBPrescTable            0x800'5824    0x10  Data  Gb  system_stm32f1xx.o [1]
APBPrescTable            0x800'5874     0x8  Data  Gb  system_stm32f1xx.o [1]
BusFault_Handler         0x800'57d7     0x2  Code  Gb  stm32f1xx_it.o [1]
CSTACK$$Base            0x2000'0e08           --   Gb  - Linker created -
CSTACK$$Limit           0x2000'1208           --   Gb  - Linker created -
DebugMon_Handler         0x800'57db     0x2  Code  Gb  stm32f1xx_it.o [1]
Error_Handler            0x800'41ed     0x2  Code  Gb  main.o [1]
GDISP                   0x2000'0da4     0x4  Data  Gb  gfx_mk.o [1]
GDISPVMT_OnlyOne         0x800'5658    0x60  Data  Gb  gdisp_lld_ILI9341.o [1]
HAL_GPIO_Init            0x800'41f1   0x23e  Code  Gb  stm32f1xx_hal_gpio.o [1]
HAL_GPIO_WritePin        0x800'442f    0x1a  Code  Gb  stm32f1xx_hal_gpio.o [1]
HAL_GetTick              0x800'5181     0xc  Code  Wk  stm32f1xx_hal.o [1]
HAL_IncTick              0x800'5169    0x18  Code  Wk  stm32f1xx_hal.o [1]
HAL_Init                 0x800'49f5    0x20  Code  Gb  stm32f1xx_hal.o [1]
HAL_InitTick             0x800'5291    0x84  Code  Gb  stm32f1xx_hal_timebase_tim.o [1]
HAL_MspInit              0x800'4941    0x38  Code  Gb  stm32f1xx_hal_msp.o [1]
HAL_NVIC_EnableIRQ       0x800'526d     0xe  Code  Gb  stm32f1xx_hal_cortex.o [1]
HAL_NVIC_SetPriority     0x800'5243    0x2a  Code  Gb  stm32f1xx_hal_cortex.o [1]
HAL_NVIC_SetPriorityGrouping
                         0x800'5237     0xc  Code  Gb  stm32f1xx_hal_cortex.o [1]
HAL_RCC_ClockConfig      0x800'4ead   0x190  Code  Gb  stm32f1xx_hal_rcc.o [1]
HAL_RCC_GetClockConfig   0x800'50c9    0x34  Code  Gb  stm32f1xx_hal_rcc.o [1]
HAL_RCC_GetHCLKFreq      0x800'50ad     0x6  Code  Gb  stm32f1xx_hal_rcc.o [1]
HAL_RCC_GetPCLK2Freq     0x800'50b3    0x16  Code  Gb  stm32f1xx_hal_rcc.o [1]
HAL_RCC_GetSysClockFreq
                         0x800'503d    0x70  Code  Gb  stm32f1xx_hal_rcc.o [1]
HAL_RCC_OscConfig        0x800'4aed   0x3c0  Code  Gb  stm32f1xx_hal_rcc.o [1]
HAL_SPI_Init             0x800'3f9d    0x8a  Code  Gb  stm32f1xx_hal_spi_ex.o [1]
HAL_SPI_MspInit          0x800'4979    0x6a  Code  Gb  stm32f1xx_hal_msp.o [1]
HAL_SPI_Transmit         0x800'4491   0x1b0  Code  Gb  stm32f1xx_hal_spi.o [1]
HAL_TIMEx_BreakCallback
                         0x800'55d1     0x2  Code  Wk  stm32f1xx_hal_tim_ex.o [1]
HAL_TIMEx_CommutationCallback
                         0x800'55d5     0x2  Code  Wk  stm32f1xx_hal_tim_ex.o [1]
HAL_TIM_Base_Init        0x800'5359    0x38  Code  Gb  stm32f1xx_hal_tim.o [1]
HAL_TIM_Base_Start_IT    0x800'5391    0x1e  Code  Gb  stm32f1xx_hal_tim.o [1]
HAL_TIM_IRQHandler       0x800'53af   0x176  Code  Gb  stm32f1xx_hal_tim.o [1]
HAL_TIM_PeriodElapsedCallback
                         0x800'41b7    0x12  Code  Gb  main.o [1]
HardFault_Handler        0x800'57d3     0x2  Code  Gb  stm32f1xx_it.o [1]
MX_GPIO_Init             0x800'40cf    0x7e  Code  Lc  main.o [1]
MemManage_Handler        0x800'57d5     0x2  Code  Gb  stm32f1xx_it.o [1]
NMI_Handler              0x800'57d1     0x2  Code  Gb  stm32f1xx_it.o [1]
NVIC_EnableIRQ           0x800'51b5    0x16  Code  Lc  stm32f1xx_hal_cortex.o [1]
NVIC_EncodePriority      0x800'51f7    0x40  Code  Lc  stm32f1xx_hal_cortex.o [1]
NVIC_GetPriorityGrouping
                         0x800'51ab     0xa  Code  Lc  stm32f1xx_hal_cortex.o [1]
NVIC_SetPriority         0x800'51cb    0x2c  Code  Lc  stm32f1xx_hal_cortex.o [1]
NVIC_SetPriorityGrouping
                         0x800'518d    0x1e  Code  Lc  stm32f1xx_hal_cortex.o [1]
PendSV_Handler           0x800'48b9          Code  Gb  portasm.o [1]
RCC_Delay                0x800'50fd    0x26  Code  Lc  stm32f1xx_hal_rcc.o [1]
Region$$Table$$Base      0x800'5764           --   Gb  - Linker created -
Region$$Table$$Limit     0x800'5788           --   Gb  - Linker created -
SPI_CheckFlag_BSY        0x800'46e3    0x2a  Code  Lc  stm32f1xx_hal_spi.o [1]
SPI_WaitFlagStateUntilTimeout
                         0x800'4641    0xa2  Code  Lc  stm32f1xx_hal_spi.o [1]
SVC_Handler              0x800'48ff          Code  Gb  portasm.o [1]
StartDefaultTask         0x800'414d    0x5e  Code  Gb  main.o [1]
StartTask02              0x800'41ab     0xc  Code  Gb  main.o [1]
StartupLogoDisplay       0x800'0387    0x9a  Code  Lc  gfx_mk.o [1]
StartupLogoDisplay::blks
                         0x800'55d8    0x80  Data  Lc  gfx_mk.o [1]
SysTick_Handler          0x800'3f33    0x28  Code  Gb  port.o [1]
SystemClock_Config       0x800'406b    0x64  Code  Gb  main.o [1]
SystemCoreClock         0x2000'0004     0x4  Data  Gb  system_stm32f1xx.o [1]
SystemInit               0x800'56b9    0x3e  Code  Gb  system_stm32f1xx.o [1]
TIM1_UP_IRQHandler       0x800'57dd     0xa  Code  Gb  stm32f1xx_it.o [1]
TIM_Base_SetConfig       0x800'5525    0x90  Code  Gb  stm32f1xx_hal_tim.o [1]
UsageFault_Handler       0x800'57d9     0x2  Code  Gb  stm32f1xx_it.o [1]
__aeabi_cdcmple          0x800'470d          Code  Gb  DblCmpLe.o [3]
__aeabi_d2iz             0x800'3c01          Code  Gb  DblToS32.o [3]
__aeabi_dadd             0x800'473d          Code  Gb  DblAdd.o [3]
__aeabi_ddiv             0x800'3599          Code  Gb  DblDiv.o [3]
__aeabi_dmul             0x800'33f5          Code  Gb  DblMul.o [3]
__aeabi_dsub             0x800'3c3d          Code  Gb  DblSub.o [3]
__aeabi_i2d              0x800'33d1          Code  Gb  S32ToDbl.o [3]
__aeabi_memclr4          0x800'4ae5          Code  Gb  ABImemclr4.o [4]
__aeabi_memcpy4          0x800'4a19          Code  Gb  ABImemcpy.o [4]
__aeabi_memcpy8          0x800'4a19          Code  Gb  ABImemcpy.o [4]
__aeabi_memset           0x800'2cbd          Code  Gb  ABImemset.o [4]
__cmain                  0x800'5789          Code  Gb  cmain.o [4]
__exit                   0x800'57bd    0x14  Code  Gb  exit.o [5]
__iar_Memset             0x800'2cbd          Code  Gb  ABImemset.o [4]
__iar_Memset4_word       0x800'5325          Code  Gb  ABImemset48.o [4]
__iar_Memset8_word       0x800'5325          Code  Gb  ABImemset48.o [4]
__iar_Memset_word        0x800'2cc5          Code  Gb  ABImemset.o [4]
__iar_Sin64              0x800'37e1   0x38c  Code  Lc  cos_sin64.o [3]
__iar_copy_init3         0x800'5711    0x2c  Code  Gb  copy_init3.o [4]
__iar_cos64              0x800'3bf9     0x4  Code  Gb  cos_sin64.o [3]
__iar_cos_medium         0x800'3bf9     0x4  Code  Gb  cos_sin64.o [3]
__iar_cos_medium64       0x800'3bf9     0x4  Code  Gb  cos_sin64.o [3]
__iar_cos_mediuml        0x800'3bf9     0x4  Code  Gb  cos_sin64.o [3]
__iar_dadd               0x800'3c4d          Code  Gb  DblSub.o [3]
__iar_data_init3         0x800'573d    0x28  Code  Gb  data_init.o [4]
__iar_dsub               0x800'474d          Code  Gb  DblAdd.o [3]
__iar_dsubStart          0x800'475f          Code  Gb  DblAdd.o [3]
__iar_floor64            0x800'3d21          Code  Gb  floor.o [3]
__iar_program_start      0x800'585d          Code  Gb  cstartup_M.o [4]
__iar_sin64              0x800'3bfd     0x4  Code  Gb  cos_sin64.o [3]
__iar_sin_medium         0x800'3bfd     0x4  Code  Gb  cos_sin64.o [3]
__iar_sin_medium64       0x800'3bfd     0x4  Code  Gb  cos_sin64.o [3]
__iar_sin_mediuml        0x800'3bfd     0x4  Code  Gb  cos_sin64.o [3]
__iar_zero_init3         0x800'230b    0x3a  Code  Gb  zero_init3.o [4]
__low_level_init         0x800'57a7     0x4  Code  Gb  low_level_init.o [2]
__vector_table           0x800'0000          Data  Gb  startup_stm32f103xe.o [1]
_call_main               0x800'5795          Code  Gb  cmain.o [4]
_exit                    0x800'57b1          Code  Gb  cexit.o [4]
_gdispDeInitDriver       0x800'04cb    0x18  Code  Gb  gfx_mk.o [1]
_gdispInit               0x800'0421    0x44  Code  Gb  gfx_mk.o [1]
_gdispInitDriver         0x800'0465    0x1e  Code  Gb  gfx_mk.o [1]
_gdispPostInitDriver     0x800'0483    0x48  Code  Gb  gfx_mk.o [1]
_gdriverInit             0x800'016b     0x2  Code  Gb  gfx_mk.o [1]
_gosInit                 0x800'0157     0x2  Code  Gb  gfx_mk.o [1]
_gosPostInit             0x800'0159     0x2  Code  Gb  gfx_mk.o [1]
_main                    0x800'57a3          Code  Gb  cmain.o [4]
acquire_bus              0x800'2da9     0x2  Code  Lc  gdisp_lld_ILI9341.o [1]
cos                      0x800'3bf9     0x4  Code  Gb  cos_sin64.o [3]
cosl                     0x800'3bf9     0x4  Code  Gb  cos_sin64.o [3]
defaultTaskHandle       0x2000'0db8     0x4  Data  Gb  main.o [1]
dhead                   0x2000'0d9c     0x4  Data  Lc  gfx_mk.o [1]
drawpixel                0x800'026b    0x20  Code  Lc  gfx_mk.o [1]
drawpixel_clip           0x800'028b    0x3e  Code  Lc  gfx_mk.o [1]
dtail                   0x2000'0da0     0x4  Data  Lc  gfx_mk.o [1]
exit                     0x800'57ab     0x4  Code  Gb  exit.o [2]
fillarea                 0x800'02c9    0x2a  Code  Lc  gfx_mk.o [1]
floor                    0x800'3d21          Code  Gb  floor.o [3]
floorl                   0x800'3d21          Code  Gb  floor.o [3]
gdispGClear              0x800'050d    0x3e  Code  Gb  gfx_mk.o [1]
gdispGControl            0x800'22a1    0x6a  Code  Gb  gfx_mk.o [1]
gdispGFillArc            0x800'0675  0x1c2c  Code  Gb  gfx_mk.o [1]
gdispGFillArea           0x800'054b    0xa6  Code  Gb  gfx_mk.o [1]
gdispGGetHeight          0x800'0507     0x6  Code  Gb  gfx_mk.o [1]
gdispGGetWidth           0x800'0501     0x6  Code  Gb  gfx_mk.o [1]
gdispGSetClip            0x800'05f1    0x84  Code  Gb  gfx_mk.o [1]
gdispInitDone           0x2000'0e05     0x1  Data  Lc  gfx_mk.o [1]
gdisp_lld_control        0x800'3271   0x15e  Code  Gb  gdisp_lld_ILI9341.o [1]
gdisp_lld_init           0x800'2ea3   0x38a  Code  Gb  gdisp_lld_ILI9341.o [1]
gdisp_lld_write_color    0x800'3247    0x1e  Code  Gb  gdisp_lld_ILI9341.o [1]
gdisp_lld_write_start    0x800'322d    0x1a  Code  Gb  gdisp_lld_ILI9341.o [1]
gdisp_lld_write_stop     0x800'3265     0xc  Code  Gb  gdisp_lld_ILI9341.o [1]
gdriverGetInstance       0x800'0215    0x30  Code  Gb  gfx_mk.o [1]
gdriverGetNext           0x800'0245    0x26  Code  Gb  gfx_mk.o [1]
gdriverRegister          0x800'016d    0xa8  Code  Gb  gfx_mk.o [1]
gfxInit                  0x800'0131    0x26  Code  Gb  gfx_mk.o [1]
gfxInitDone             0x2000'0e04     0x1  Data  Lc  gfx_mk.o [1]
gfxSleepMilliseconds     0x800'015b    0x10  Code  Gb  gfx_mk.o [1]
hline_clip               0x800'02f3    0x94  Code  Lc  gfx_mk.o [1]
hspi1                   0x2000'0c98    0x58  Data  Gb  main.o [1]
htim1                   0x2000'0cf0    0x40  Data  Gb  stm32f1xx_hal_timebase_tim.o [1]
init_board               0x800'2d25    0x48  Code  Lc  gdisp_lld_ILI9341.o [1]
main                     0x800'4029    0x42  Code  Gb  main.o [1]
makeFreeRtosPriority     0x800'4aa1    0x16  Code  Lc  cmsis_os.o [1]
myTask02Handle          0x2000'0dbc     0x4  Data  Gb  main.o [1]
osThreadCreate           0x800'4ab7    0x2e  Code  Gb  cmsis_os.o [1]
post_init_board          0x800'2d6d     0x2  Code  Lc  gdisp_lld_ILI9341.o [1]
prvAddCurrentTaskToDelayedList
                         0x800'2999    0x82  Code  Lc  tasks.o [1]
prvAddNewTaskToReadyList
                         0x800'247f    0x9a  Code  Lc  tasks.o [1]
prvCheckTasksWaitingTermination
                         0x800'28d1    0x50  Code  Lc  tasks.o [1]
prvDeleteTCB             0x800'2929    0x12  Code  Lc  tasks.o [1]
prvHeapInit              0x800'2bdd    0x62  Code  Lc  heap_4.o [1]
prvIdleTask              0x800'284d    0x24  Code  Lc  tasks.o [1]
prvInitialiseNewTask     0x800'23b9    0xc6  Code  Lc  tasks.o [1]
prvInitialiseTaskLists   0x800'287d    0x50  Code  Lc  tasks.o [1]
prvInsertBlockIntoFreeList
                         0x800'2c3f    0x5e  Code  Lc  heap_4.o [1]
prvResetNextTaskUnblockTime
                         0x800'293b    0x2a  Code  Lc  tasks.o [1]
prvTaskExitError         0x800'3e35    0x2a  Code  Lc  port.o [1]
pvPortMalloc             0x800'2a49   0x120  Code  Gb  heap_4.o [1]
pxCurrentTCB            0x2000'0dc8     0x4  Data  Gb  tasks.o [1]
pxDelayedTaskList       0x2000'0dcc     0x4  Data  Lc  tasks.o [1]
pxEnd                   0x2000'0da8     0x4  Data  Lc  heap_4.o [1]
pxOverflowDelayedTaskList
                        0x2000'0dd0     0x4  Data  Lc  tasks.o [1]
pxPortInitialiseStack    0x800'3e15    0x20  Code  Gb  port.o [1]
pxReadyTasksLists       0x2000'0c0c    0x8c  Data  Lc  tasks.o [1]
release_bus              0x800'2dab     0x2  Code  Lc  gdisp_lld_ILI9341.o [1]
set_backlight            0x800'2d83    0x26  Code  Lc  gdisp_lld_ILI9341.o [1]
set_viewport             0x800'2e05    0x9e  Code  Lc  gdisp_lld_ILI9341.o [1]
setpin_reset             0x800'2d6f    0x14  Code  Lc  gdisp_lld_ILI9341.o [1]
sin                      0x800'3bfd     0x4  Code  Gb  cos_sin64.o [3]
sinl                     0x800'3bfd     0x4  Code  Gb  cos_sin64.o [3]
ucHeap                  0x2000'000c   0xc00  Data  Lc  heap_4.o [1]
ucMaxSysCallPriority    0x2000'0e06     0x1  Data  Lc  port.o [1]
ulMaxPRIGROUPValue      0x2000'0dc0     0x4  Data  Lc  port.o [1]
uwTick                  0x2000'0dc4     0x4  Data  Gb  stm32f1xx_hal.o [1]
uwTickFreq              0x2000'0008     0x1  Data  Gb  stm32f1xx_hal.o [1]
uxCriticalNesting       0x2000'0000     0x4  Data  Lc  port.o [1]
uxCurrentNumberOfTasks  0x2000'0dd8     0x4  Data  Lc  tasks.o [1]
uxDeletedTasksWaitingCleanUp
                        0x2000'0dd4     0x4  Data  Lc  tasks.o [1]
uxListRemove             0x800'3deb    0x28  Code  Gb  list.o [1]
uxPendedTicks           0x2000'0de8     0x4  Data  Lc  tasks.o [1]
uxSchedulerSuspended    0x2000'0e00     0x4  Data  Lc  tasks.o [1]
uxTaskNumber            0x2000'0df4     0x4  Data  Lc  tasks.o [1]
uxTopReadyPriority      0x2000'0de0     0x4  Data  Lc  tasks.o [1]
vListInitialise          0x800'3d79    0x1e  Code  Gb  list.o [1]
vListInitialiseItem      0x800'3d97     0x6  Code  Gb  list.o [1]
vListInsert              0x800'3db5    0x36  Code  Gb  list.o [1]
vListInsertEnd           0x800'3d9d    0x18  Code  Gb  list.o [1]
vPortEnterCritical       0x800'3ed3    0x34  Code  Gb  port.o [1]
vPortExitCritical        0x800'3f07    0x2c  Code  Gb  port.o [1]
vPortFree                0x800'2b69    0x74  Code  Gb  heap_4.o [1]
vPortStartFirstTask      0x800'491f          Code  Gb  portasm.o [1]
vTaskDelay               0x800'2519    0x4e  Code  Gb  tasks.o [1]
vTaskStartScheduler      0x800'2567    0x68  Code  Gb  tasks.o [1]
vTaskSuspendAll          0x800'25cf     0xc  Code  Gb  tasks.o [1]
vTaskSwitchContext       0x800'27d5    0x6e  Code  Gb  tasks.o [1]
write_data               0x800'2dd1    0x24  Code  Lc  gdisp_lld_ILI9341.o [1]
write_index              0x800'2dad    0x24  Code  Lc  gdisp_lld_ILI9341.o [1]
xBlockAllocatedBit      0x2000'0db4     0x4  Data  Lc  heap_4.o [1]
xDelayedTaskList1       0x2000'0d30    0x14  Data  Lc  tasks.o [1]
xDelayedTaskList2       0x2000'0d44    0x14  Data  Lc  tasks.o [1]
xFreeBytesRemaining     0x2000'0dac     0x4  Data  Lc  heap_4.o [1]
xHeapStructSize          0x800'5884     0x4  Data  Lc  heap_4.o [1]
xIdleTaskHandle         0x2000'0dfc     0x4  Data  Lc  tasks.o [1]
xMinimumEverFreeBytesRemaining
                        0x2000'0db0     0x4  Data  Lc  heap_4.o [1]
xNextTaskUnblockTime    0x2000'0df8     0x4  Data  Lc  tasks.o [1]
xNumOfOverflows         0x2000'0df0     0x4  Data  Lc  tasks.o [1]
xPendingReadyList       0x2000'0d58    0x14  Data  Lc  tasks.o [1]
xPortStartScheduler      0x800'3e5f    0x74  Code  Gb  port.o [1]
xSchedulerRunning       0x2000'0de4     0x4  Data  Lc  tasks.o [1]
xStart                  0x2000'0d94     0x8  Data  Lc  heap_4.o [1]
xSuspendedTaskList      0x2000'0d80    0x14  Data  Lc  tasks.o [1]
xTaskCreate              0x800'2345    0x74  Code  Gb  tasks.o [1]
xTaskIncrementTick       0x800'26c3   0x112  Code  Gb  tasks.o [1]
xTaskResumeAll           0x800'25db    0xe8  Code  Gb  tasks.o [1]
xTasksWaitingTermination
                        0x2000'0d6c    0x14  Data  Lc  tasks.o [1]
xTickCount              0x2000'0ddc     0x4  Data  Lc  tasks.o [1]
xYieldPending           0x2000'0dec     0x4  Data  Lc  tasks.o [1]


[1] = \\Mac\Home\Desktop\STM32F103\code_prj\SPI_OS\EWARM\SPI_OS\Obj
[2] = dl7M_tlf.a
[3] = m7M_tl.a
[4] = rt7M_tl.a
[5] = shb_l.a

  22 508 bytes of readonly  code memory
     392 bytes of readonly  data memory
   4 612 bytes of readwrite data memory

Errors: none
Warnings: none
